Welcome to the add credit page
Logged in as admin
New user name: George
The username does not exist on the database
Session terminated
