Logged in as admin 
Welcome to the transaction file
Refund transaction not found on transaction file
Session terminated
