Welcome to the system
Enter session type
Enter operation
Unauthorized access, please change type or choose different operation
Session terminated
