Welcome to the system
Enter session type
Enter operation
Enter the event title you would like to buy
Enter the number of tickets you would like to purchase
You have requested more tickets than available for sale, please try again
Session terminated
