

Welcome to the create page
Logged in as admin
New username's type entered incorrectly
Session terminated
