Welcome to the system
Enter session type
Enter operation
Enter the event title you would like to buy
No such event title exists, please re-enter a valid existing event title
Session terminated
