Welcome to the add credit page
Logged in as admin
New username entered correctly
Session terminated
