Welcome to the system
Enter session type
Enter operation
Enter the event title you would like to sell
Enter the price of each ticket
Enter the number of tickets for sale
Session terminated
