Welcome to the transaction file
Logged in as admin 
Create  transaction saved correctly on the daily transactions file
Session terminated
