Welcome to the system
Enter session type
Enter operation
Enter the event title you would like to buy
Enter the number of tickets you would like to purchase
The maximum limit of tickets for purchase is 4, please try again.
Session terminated
