Welcome to the system
Enter session type
Enter operation
Enter the event title you would like to sell
Please re-enter an event that is between 1 and 25 characters long
Session terminated
