Welcome to the add credit page 
Admin, or user standard logged in
Session terminated
