Welcome to the add credit page
Enter session type: AA
Logged in as admin
Session terminated

or

Welcome to the add credit page
Enter session type: user standard(FS,BS,SS)
Logged in as user standard
Session terminated
