Welcome to the create page
Logged in as admin
New username not entered correctly
Session terminated
