Welcome to the create page
Logged in as admin
New user account created successfully
Session terminated
