Welcome to the system
Enter session type
Enter operation
Enter the event title you would like to sell
Enter the price of each ticket
Session terminated
