Welcome to the refund page
Logged in as admin
The data entered was correct.
Session terminated 
