Logged in as admin 
Welcome to the transaction file
Addcredit  transaction missing from the daily transactions file
Session terminated
