Unsuccessful login as admin
New user could not be created
Session terminated
