Welcome to the check credit page
Logged in as admin
Credit on the user account is 999,999
Session terminated
