Welcome to the system
Enter session type
Enter operation
Enter the event title you would like to sell
Session terminated
