Login successful
Logout successful
DailyPrintout.txt
